File "pat_anti_quotation_payload.ml", line 2, characters 14-26:
Error: ppx_yojson: bad antiquotation payload, should be a pattern